# 1. Linux 内核的编译与运行  

**Author:** *ciichen*  
**Email:** [*ciichen235@gmail.com*](mailto:陈林<ciichen235@gmail.com>)  
**Time:** *2021/9/13*  

- [1. Linux 内核的编译与运行](#1-linux-内核的编译与运行)
  - [获取编译工具](#获取编译工具)
  - [编译 Linux 源码](#编译-linux-源码)
  - [制作文件系统](#制作文件系统)
  - [Qemu 运行内核](#qemu-运行内核)

---

Qemu 是一款优秀的虚拟机工具，可以十分方便的虚拟各种体系架构。这里用 Qemu 模拟 Arm  
Cortex-A9 CPU 运行 Linux 内核，使用 vexpress-a9 主板。我的系统是 Ubuntu 20.04，  
工作目录结构如下：  

```bash
start_linux\
├── busybox-1.34.0\
├── linux-2.6.32.71\
├── linux-5.10\
├── scripts\
|    ├── a9rootfs.ext4
|    ├── build_busybox.sh
|    ├── build_linux.sh
|    ├── busybox_dynamic\
|    ├── linux_build\
|    ├── startup_qemu.sh
|    └── tmpfs\
├── start_linux.code-workspace
└── u-boot-2021.01\
```


## 获取编译工具  

ARM 官网上提供了编译工具，根据自己的平台下载即可：

下载地址： [https://developer.arm.com/tools-and-software/open-source-software/developer-tools/gnu-toolchain/gnu-a](https://developer.arm.com/tools-and-software/open-source-software/developer-tools/gnu-toolchain/gnu-a) 

## 编译 Linux 源码  

* **获取 Linux 源码**  

    建议选择较新的版本，老版本的内核编译的时候，需要老版本的 GNU ToolChain 。官方  
    网站提供 Git 和 Release 压缩包两种版本。  

    下载地址： [https://git.kernel.org/pub/scm/linux/kernel/git/torvalds/linux.git/](https://git.kernel.org/pub/scm/linux/kernel/git/torvalds/linux.git/)  

* **编译 Linux 源码**  
    
    建议把编译的目标文件目录分离出来。这里提供一个简单的编译脚本。生成的镜像文件位于  
    目标目录的 `arch/arm/boot/zImage` ， dtb 文件位于  
    `arch/arm/boot/dts/vexpress-v2p-ca9.dtb` 。这里生成的两个文件可以直接使用  
    Qemu 启动，但是因为没有文件系统，内核启动时会发生 `kernel panic` 。

    ```bash
    #!/bin/bash

    Root=~/Documents/start_linux
    GNU_TOOLCHAIN_DIR=~/lib/gcc-arm-10.3-2021.07-x86_64-arm-none-linux-gnueabihf
    GNU_PREFIX=${GNU_TOOLCHAIN_DIR}/bin/arm-none-linux-gnueabihf-

    LINUX_SRC=${Root}/linux-5.10/
    LINUX_BLD=${Root}/scripts/linux_build/

    make O=$LINUX_BLD -C $LINUX_SRC ARCH=arm \
            CROSS_COMPILE=${GNU_PREFIX} vexpress_defconfig
    make O=$LINUX_BLD -C $LINUX_SRC ARCH=arm \
            CROSS_COMPILE=${GNU_PREFIX} menuconfig
    make O=$LINUX_BLD -C $LINUX_SRC ARCH=arm CROSS_COMPILE=${GNU_PREFIX} -j4
    ```

## 制作文件系统  

* 制作一个 ext4 格式的镜像文件，供 Qemu 使用。 
    ```bash
    dd if=/dev/zero of=a9rootfs.ext4 bs=1M count=512 # 512M
    mkfs.ext4 a9rootfs.ext4
    ```

* 借助 busybox 工具，生成 linux 所需的必要可执行文件（如 sh, ls ）等命令。  

  * busybox 源码下载，选择较新版本适配性会好一些。  
    
    下载地址： [https://www.busybox.net/downloads/](https://www.busybox.net/downloads/)  

  * 编译 busybox 。

    busybox 编译时，默认生成动态库版本。需要注意的是，要把工具链的编译时使用的动态库  
    复制到文件镜像中，不然内核无法执行依赖动态库的可执行文件。    
    ```bash
    #!/bin/bash

    Root=~/Documents/start_linux
    GNU_TOOLCHAIN_DIR=~/lib/gcc-arm-10.3-2021.07-x86_64-arm-none-linux-gnueabihf
    GNU_PREFIX=${GNU_TOOLCHAIN_DIR}/bin/arm-none-linux-gnueabihf-

    BUSYBOX_SRC=${Root}/busybox-1.34.0
    BUSYBOX_BLD=${Root}/scripts/busybox_dynamic

    make O=$BUSYBOX_BLD -C $BUSYBOX_SRC ARCH=arm \
                CROSS_COMPILE=${GCC_PREFIX} defconfig
    make O=$BUSYBOX_BLD -C $BUSYBOX_SRC ARCH=arm \
                CROSS_COMPILE=${GCC_PREFIX} menuconfig
    make O=$BUSYBOX_BLD -C $BUSYBOX_SRC ARCH=arm \
                CROSS_COMPILE=${GCC_PREFIX} -j4
    make O=$BUSYBOX_BLD -C $BUSYBOX_SRC ARCH=arm \
                CROSS_COMPILE=${GCC_PREFIX} install
    ```

* 把需要 busybox 和动态库复制到镜像中  

    注意要把编译时用到的库也复制到镜像文件中，然后编辑镜像中的 `/etc/ld.so.conf`  
    文件，把库目录写到这个文件中。  

    ```bash
    #!/bin/bash

    Root=~/Documents/start_linux
    GNU_TOOLCHAIN_DIR=~/lib/gcc-arm-10.3-2021.07-x86_64-arm-none-linux-gnueabihf
    GNU_TOOLCHAIN_LIB=${GNU_TOOLCHAIN_DIR}/arm-none-linux-gnueabihf/libc
    BUSYBOX_BLD=${root}/scripts/busybox_dynamic
    TMPFS=${Root}/scripts/temfs
    
    mkdir ${TMPFS}
    sudo mount -t ext4 ${Root}/scripts/a9rootfs.ext4 ${TMPFS} -o loop
    # sudo rm -ef ${TMPFS}
    # 复制编译时用到的库
    sudo cp -r ${GNU_TOOLCHAIN_LIB}/* ${TMPFS}/
    # 复制 busybox 编译目标文件
    sudo cp -r ${BUSYBOX_BLD}/_install/* ${TMPFS}/

    sudo mkdir -p ${TMPFS}/dev
    sudo mknod ${TMPFS}/dev/tty1 c 4 1
    sudo mknod ${TMPFS}/dev/tty2 c 4 2
    sudo mknod ${TMPFS}/dev/tty3 c 4 3
    sudo mknod ${TMPFS}/dev/tty4 c 4 4

    # 复制 busybox 编译目标文件
    sudo tee ${TMPFS}/etc/ld.so.conf >/dev/null << EOF
    /lib
    /usr/lib
    EOF
    sudo mkdir -p ${TMPFS}/etc/init.d
    sudo tee ${TMPFS}/etc/init.d/rcS >/dev/null << EOF
    #!/bin/sh
    echo "Hello world."
    EOF
    sudo chmod +x ${TMPFS}/etc/init.d/rcS
    sudo umount ${TMPFS}
    ```

## Qemu 运行内核  

到这一步， Linux 内核运行需要的文件都已经准备好。使用 Qemu 运行即可，Ubuntu 20.04  
系统可以直接安装 `qemu-system-arm` ，目前软件源中的版本是 4.2.1 。  

```bash
#!/bin/bash

root=~/Documents/start_linux

qemu-system-arm -M vexpress-a9 -m 256M \
    -drive  if=sd,driver=file,filename=${root}/scripts/a9rootfs.ext4 \
    -kernel ${root}/scripts/linux_build/arch/arm/boot/zImage \
    -dtb    ${root}/scripts/linux_build/arch/arm/boot/dts/vexpress-v2p-ca9.dtb \
    -nographic -append "root=/dev/mmcblk0 console=ttyAMA0"
```

运行上面的命令就可以启动内核了。  

```bash
Booting Linux on physical CPU 0x0
Linux version 5.10.0+ (ciichen@ciichen-Virtual-Machine) (arm-none-linux-gnueabihf-gcc (GNU Toolchain for the A-profile Architecture 10.3-2021.07 (arm-10.29)) 10.3.1 20210621, GNU ld (GNU Toolchain for the A-profile Architecture 10.3-2021.07 (arm-10.29)) 2.36.1.20210621) #1 SMP Thu Sep 9 14:21:38 CST 2021
CPU: ARMv7 Processor [410fc090] revision 0 (ARMv7), cr=10c5387d
CPU: PIPT / VIPT nonaliasing data cache, VIPT nonaliasing instruction cache
OF: fdt: Machine model: V2P-CA9
Memory policy: Data cache writeback
Reserved memory: created DMA memory pool at 0x4c000000, size 8 MiB
OF: reserved mem: initialized node vram@4c000000, compatible id shared-dma-pool
cma: Reserved 16 MiB at 0x6f000000
Zone ranges:
  Normal   [mem 0x0000000060000000-0x000000006fffffff]
Movable zone start for each node
Early memory node ranges
  node   0: [mem 0x0000000060000000-0x000000006fffffff]
Initmem setup node 0 [mem 0x0000000060000000-0x000000006fffffff]
CPU: All CPU(s) started in SVC mode.
percpu: Embedded 19 pages/cpu s46028 r8192 d23604 u77824
Built 1 zonelists, mobility grouping on.  Total pages: 65024
Kernel command line: root=/dev/mmcblk0 console=ttyAMA0
printk: log_buf_len individual max cpu contribution: 4096 bytes
printk: log_buf_len total cpu_extra contributions: 12288 bytes
printk: log_buf_len min size: 16384 bytes
printk: log_buf_len: 32768 bytes
printk: early log buf free: 14680(89%)
Dentry cache hash table entries: 32768 (order: 5, 131072 bytes, linear)
Inode-cache hash table entries: 16384 (order: 4, 65536 bytes, linear)
mem auto-init: stack:off, heap alloc:off, heap free:off
Memory: 230892K/262144K available (8192K kernel code, 584K rwdata, 1712K rodata, 1024K init, 184K bss, 14868K reserved, 16384K cma-reserved)
SLUB: HWalign=64, Order=0-3, MinObjects=0, CPUs=4, Nodes=1
rcu: Hierarchical RCU implementation.
rcu:    RCU event tracing is enabled.
rcu:    RCU restricting CPUs from NR_CPUS=8 to nr_cpu_ids=4.
rcu: RCU calculated value of scheduler-enlistment delay is 10 jiffies.
rcu: Adjusting geometry for rcu_fanout_leaf=16, nr_cpu_ids=4
NR_IRQS: 16, nr_irqs: 16, preallocated irqs: 16
GIC CPU mask not found - kernel will fail to boot.
GIC CPU mask not found - kernel will fail to boot.
L2C: platform modifies aux control register: 0x02020000 -> 0x02420000
L2C: DT/platform modifies aux control register: 0x02020000 -> 0x02420000
L2C-310 enabling early BRESP for Cortex-A9
L2C-310 full line of zeros enabled for Cortex-A9
L2C-310 dynamic clock gating disabled, standby mode disabled
L2C-310 cache controller enabled, 8 ways, 128 kB
L2C-310: CACHE_ID 0x410000c8, AUX_CTRL 0x46420001
random: get_random_bytes called from start_kernel+0x380/0x534 with crng_init=0
sched_clock: 32 bits at 24MHz, resolution 41ns, wraps every 89478484971ns
clocksource: arm,sp804: mask: 0xffffffff max_cycles: 0xffffffff, max_idle_ns: 1911260446275 ns
Failed to initialize '/bus@4000000/motherboard/iofpga@7,00000000/timer@12000': -22
smp_twd: clock not found -2
Console: colour dummy device 80x30
Calibrating local timer... 90.54MHz.
Calibrating delay loop... 600.47 BogoMIPS (lpj=3002368)
pid_max: default: 32768 minimum: 301
Mount-cache hash table entries: 1024 (order: 0, 4096 bytes, linear)
Mountpoint-cache hash table entries: 1024 (order: 0, 4096 bytes, linear)
CPU: Testing write buffer coherency: ok
CPU0: Spectre v2: using BPIALL workaround
CPU0: thread -1, cpu 0, socket 0, mpidr 80000000
Setting up static identity map for 0x60100000 - 0x60100060
rcu: Hierarchical SRCU implementation.
smp: Bringing up secondary CPUs ...
smp: Brought up 1 node, 1 CPU
SMP: Total of 1 processors activated (600.47 BogoMIPS).
CPU: All CPU(s) started in SVC mode.
devtmpfs: initialized
VFP support v0.3: implementor 41 architecture 3 part 30 variant 9 rev 0
clocksource: jiffies: mask: 0xffffffff max_cycles: 0xffffffff, max_idle_ns: 19112604462750000 ns
futex hash table entries: 1024 (order: 4, 65536 bytes, linear)
NET: Registered protocol family 16
DMA: preallocated 256 KiB pool for atomic coherent allocations
cpuidle: using governor ladder
hw-breakpoint: debug architecture 0x4 unsupported.
Serial: AMBA PL011 UART driver
irq: type mismatch, failed to map hwirq-75 for interrupt-controller@1e001000!
SCSI subsystem initialized
usbcore: registered new interface driver usbfs
usbcore: registered new interface driver hub
usbcore: registered new device driver usb
Advanced Linux Sound Architecture Driver Initialized.
clocksource: Switched to clocksource arm,sp804
NET: Registered protocol family 2
tcp_listen_portaddr_hash hash table entries: 512 (order: 0, 6144 bytes, linear)
TCP established hash table entries: 2048 (order: 1, 8192 bytes, linear)
TCP bind hash table entries: 2048 (order: 2, 16384 bytes, linear)
TCP: Hash tables configured (established 2048 bind 2048)
UDP hash table entries: 256 (order: 1, 8192 bytes, linear)
UDP-Lite hash table entries: 256 (order: 1, 8192 bytes, linear)
NET: Registered protocol family 1
RPC: Registered named UNIX socket transport module.
RPC: Registered udp transport module.
RPC: Registered tcp transport module.
RPC: Registered tcp NFSv4.1 backchannel transport module.
hw perfevents: enabled with armv7_cortex_a9 PMU driver, 5 counters available
workingset: timestamp_bits=30 max_order=16 bucket_order=0
squashfs: version 4.0 (2009/01/31) Phillip Lougher
jffs2: version 2.2. (NAND) © 2001-2006 Red Hat, Inc.
9p: Installing v9fs 9p2000 file system support
io scheduler mq-deadline registered
io scheduler kyber registered
i2c i2c-0: Added multiplexed i2c bus 2
physmap-flash 40000000.flash: physmap platform flash device: [mem 0x40000000-0x43ffffff]
40000000.flash: Found 2 x16 devices at 0x0 in 32-bit bank. Manufacturer ID 0x000000 Chip ID 0x000000
Intel/Sharp Extended Query Table at 0x0031
Using buffer write method
physmap-flash 40000000.flash: physmap platform flash device: [mem 0x44000000-0x47ffffff]
40000000.flash: Found 2 x16 devices at 0x0 in 32-bit bank. Manufacturer ID 0x000000 Chip ID 0x000000
Intel/Sharp Extended Query Table at 0x0031
Using buffer write method
Concatenating MTD devices:
(0): "40000000.flash"
(1): "40000000.flash"
into device "40000000.flash"
physmap-flash 48000000.psram: physmap platform flash device: [mem 0x48000000-0x49ffffff]
libphy: Fixed MDIO Bus: probed
libphy: smsc911x-mdio: probed
smsc911x 4e000000.ethernet eth0: MAC Address: 52:54:00:12:34:56
isp1760 4f000000.usb: bus width: 32, oc: digital
isp1760 4f000000.usb: NXP ISP1760 USB Host Controller
isp1760 4f000000.usb: new USB bus registered, assigned bus number 1
isp1760 4f000000.usb: Scratch test failed.
isp1760 4f000000.usb: can't setup: -19
isp1760 4f000000.usb: USB bus 1 deregistered
usbcore: registered new interface driver usb-storage
ledtrig-cpu: registered to indicate activity on CPUs
usbcore: registered new interface driver usbhid
usbhid: USB HID core driver
NET: Registered protocol family 17
9pnet: Installing 9P2000 support
oprofile: using arm/armv7-ca9
Registering SWP/SWPB emulation handler
aaci-pl041 10004000.aaci: ARM AC'97 Interface PL041 rev0 at 0x10004000, irq 32
aaci-pl041 10004000.aaci: FIFO 512 entries
mmci-pl18x 10005000.mmci: Got CD GPIO
mmci-pl18x 10005000.mmci: Got WP GPIO
mmci-pl18x 10005000.mmci: mmc0: PL181 manf 41 rev0 at 0x10005000 irq 33,34 (pio)
10009000.uart: ttyAMA0 at MMIO 0x10009000 (irq = 37, base_baud = 0) is a PL011 rev1
printk: console [ttyAMA0] enabled
1000a000.uart: ttyAMA1 at MMIO 0x1000a000 (irq = 38, base_baud = 0) is a PL011 rev1
1000b000.uart: ttyAMA2 at MMIO 0x1000b000 (irq = 39, base_baud = 0) is a PL011 rev1
1000c000.uart: ttyAMA3 at MMIO 0x1000c000 (irq = 40, base_baud = 0) is a PL011 rev1
mmc0: new SD card at address 4567
rtc-pl031 10017000.rtc: registered as rtc0
rtc-pl031 10017000.rtc: setting system clock to 2021-09-13T03:10:25 UTC (1631502625)
drm-clcd-pl111 1001f000.clcd: assigned reserved memory node vram@4c000000
drm-clcd-pl111 1001f000.clcd: using device-specific reserved memory
drm-clcd-pl111 1001f000.clcd: core tile graphics present
drm-clcd-pl111 1001f000.clcd: this device will be deactivated
drm-clcd-pl111 1001f000.clcd: Versatile Express init failed - -19
mmcblk0: mmc0:4567 QEMU! 512 MiB 
drm-clcd-pl111 10020000.clcd: DVI muxed to daughterboard 1 (core tile) CLCD
drm-clcd-pl111 10020000.clcd: initializing Versatile Express PL111
drm-clcd-pl111 10020000.clcd: found bridge on endpoint 0
drm-clcd-pl111 10020000.clcd: Using non-panel bridge
input: AT Raw Set 2 keyboard as /devices/platform/bus@4000000/bus@4000000:motherboard/bus@4000000:motherboard:iofpga@7,00000000/10006000.kmi/serio0/input/input0
[drm] Initialized pl111 1.0.0 20170317 for 10020000.clcd on minor 0
Console: switching to colour frame buffer device 128x48
drm-clcd-pl111 10020000.clcd: [drm] fb0: pl111drmfb frame buffer device
ALSA device list:
  #0: ARM AC'97 Interface PL041 rev0 at 0x10004000, irq 32
input: ImExPS/2 Generic Explorer Mouse as /devices/platform/bus@4000000/bus@4000000:motherboard/bus@4000000:motherboard:iofpga@7,00000000/10007000.kmi/serio1/input/input2
random: fast init done
EXT4-fs (mmcblk0): mounted filesystem with ordered data mode. Opts: (null)
VFS: Mounted root (ext4 filesystem) readonly on device 179:0.
Freeing unused kernel memory: 1024K
Run /sbin/init as init process
random: crng init done
Hello world.

Please press Enter to activate this console. 
/ # 
```

---

[]


